{"alertId":"bf-01","action":"block","confidence":0.95,"pattern":"password-guessing"}
{"alertId":"bf-02","action":"block","confidence":0.96,"pattern":"password-spraying"}
{"alertId":"bf-03","action":"block","confidence":0.95,"pattern":"password-guessing"}
{"alertId":"bf-04","action":"block","confidence":0.95,"pattern":"password-guessing"}
{"alertId":"bf-05","action":"block","confidence":0.96,"pattern":"password-spraying"}
{"alertId":"bf-06","action":"block","confidence":0.95,"pattern":"password-guessing"}
{"alertId":"bf-07","action":"block","confidence":0.95,"pattern":"password-guessing"}
{"alertId":"bf-08","action":"block","confidence":0.95,"pattern":"password-guessing"}
{"alertId":"bf-09","action":"block","confidence":0.96,"pattern":"password-spraying"}
{"alertId":"bf-10","action":"block","confidence":0.95,"pattern":"password-guessing"}
{"alertId":"bf-11","action":"alert","confidence":0.5,"pattern":"password-guessing"}
{"alertId":"bf-12","action":"alert","confidence":0.5,"pattern":"password-guessing"}
{"alertId":"bf-13","action":"alert","confidence":0.5,"pattern":"password-guessing"}
{"alertId":"bf-14","action":"alert","confidence":0.5,"pattern":"password-guessing"}
{"alertId":"bf-15","action":"alert","confidence":0.5,"pattern":"password-guessing"}
{"alertId":"bf-16","action":"alert","confidence":0.5,"pattern":"password-guessing"}
{"alertId":"bf-17","action":"alert","confidence":0.5,"pattern":"password-guessing"}
{"alertId":"bf-18","action":"alert","confidence":0.5,"pattern":"password-guessing"}
{"alertId":"bf-19","action":"alert","confidence":0.5,"pattern":"password-guessing"}
{"alertId":"bf-01","action":"block","confidence":0.95,"pattern":"password-guessing"}
{"alertId":"bf-02","action":"block","confidence":0.96,"pattern":"password-spraying"}
{"alertId":"bf-03","action":"block","confidence":0.95,"pattern":"password-guessing"}
{"alertId":"bf-04","action":"block","confidence":0.95,"pattern":"password-guessing"}
{"alertId":"bf-05","action":"block","confidence":0.96,"pattern":"password-spraying"}
{"alertId":"bf-06","action":"block","confidence":0.95,"pattern":"password-guessing"}
{"alertId":"bf-07","action":"block","confidence":0.95,"pattern":"password-guessing"}
{"alertId":"bf-08","action":"block","confidence":0.95,"pattern":"password-guessing"}
{"alertId":"bf-09","action":"block","confidence":0.96,"pattern":"password-spraying"}
{"alertId":"bf-10","action":"block","confidence":0.95,"pattern":"password-guessing"}
{"alertId":"bf-11","action":"alert","confidence":0.5,"pattern":"password-guessing"}
{"alertId":"bf-12","action":"alert","confidence":0.5,"pattern":"password-guessing"}
{"alertId":"bf-13","action":"alert","confidence":0.5,"pattern":"password-guessing"}
{"alertId":"bf-14","action":"alert","confidence":0.5,"pattern":"password-guessing"}
{"alertId":"bf-15","action":"alert","confidence":0.5,"pattern":"password-guessing"}
{"alertId":"bf-16","action":"alert","confidence":0.5,"pattern":"password-guessing"}
{"alertId":"bf-17","action":"alert","confidence":0.5,"pattern":"password-guessing"}
{"alertId":"bf-18","action":"alert","confidence":0.5,"pattern":"password-guessing"}
{"alertId":"bf-19","action":"alert","confidence":0.5,"pattern":"password-guessing"}
{"alertId":"bf-01","action":"block","confidence":0.95,"pattern":"password-guessing"}
{"alertId":"bf-02","action":"block","confidence":0.96,"pattern":"password-spraying"}
{"alertId":"bf-03","action":"block","confidence":0.95,"pattern":"password-guessing"}
{"alertId":"bf-04","action":"block","confidence":0.95,"pattern":"password-guessing"}
{"alertId":"bf-05","action":"block","confidence":0.96,"pattern":"password-spraying"}
{"alertId":"bf-06","action":"block","confidence":0.95,"pattern":"password-guessing"}
{"alertId":"bf-07","action":"block","confidence":0.95,"pattern":"password-guessing"}
{"alertId":"bf-08","action":"block","confidence":0.95,"pattern":"password-guessing"}
{"alertId":"bf-09","action":"block","confidence":0.96,"pattern":"password-spraying"}
{"alertId":"bf-10","action":"block","confidence":0.95,"pattern":"password-guessing"}
{"alertId":"bf-11","action":"alert","confidence":0.5,"pattern":"password-guessing"}
{"alertId":"bf-12","action":"alert","confidence":0.5,"pattern":"password-guessing"}
{"alertId":"bf-13","action":"alert","confidence":0.5,"pattern":"password-guessing"}
{"alertId":"bf-14","action":"alert","confidence":0.5,"pattern":"password-guessing"}
{"alertId":"bf-15","action":"alert","confidence":0.5,"pattern":"password-guessing"}
{"alertId":"bf-16","action":"alert","confidence":0.5,"pattern":"password-guessing"}
{"alertId":"bf-17","action":"alert","confidence":0.5,"pattern":"password-guessing"}
{"alertId":"bf-18","action":"alert","confidence":0.5,"pattern":"password-guessing"}
{"alertId":"bf-19","action":"alert","confidence":0.5,"pattern":"password-guessing"}
{"alertId":"bf-01","action":"block","confidence":0.95,"pattern":"password-guessing"}
{"alertId":"bf-02","action":"block","confidence":0.96,"pattern":"password-spraying"}
{"alertId":"bf-03","action":"block","confidence":0.95,"pattern":"password-guessing"}
{"alertId":"bf-04","action":"block","confidence":0.95,"pattern":"password-guessing"}
{"alertId":"bf-05","action":"block","confidence":0.96,"pattern":"password-spraying"}
{"alertId":"bf-06","action":"block","confidence":0.95,"pattern":"password-guessing"}
{"alertId":"bf-07","action":"block","confidence":0.95,"pattern":"password-guessing"}
{"alertId":"bf-08","action":"block","confidence":0.95,"pattern":"password-guessing"}
{"alertId":"bf-09","action":"block","confidence":0.96,"pattern":"password-spraying"}
{"alertId":"bf-10","action":"block","confidence":0.95,"pattern":"password-guessing"}
{"alertId":"bf-11","action":"alert","confidence":0.5,"pattern":"password-guessing"}
{"alertId":"bf-12","action":"alert","confidence":0.5,"pattern":"password-guessing"}
{"alertId":"bf-13","action":"alert","confidence":0.5,"pattern":"password-guessing"}
{"alertId":"bf-14","action":"alert","confidence":0.5,"pattern":"password-guessing"}
{"alertId":"bf-15","action":"alert","confidence":0.5,"pattern":"password-guessing"}
{"alertId":"bf-16","action":"alert","confidence":0.5,"pattern":"password-guessing"}
{"alertId":"bf-17","action":"alert","confidence":0.5,"pattern":"password-guessing"}
{"alertId":"bf-18","action":"alert","confidence":0.5,"pattern":"password-guessing"}
{"alertId":"bf-19","action":"alert","confidence":0.5,"pattern":"password-guessing"}
{"alertId":"wi-01","action":"block","confidence":0.96,"pattern":"sql-injection"}
{"alertId":"wi-02","action":"block","confidence":0.96,"pattern":"script-injection"}
{"alertId":"wi-03","action":"block","confidence":0.96,"pattern":"path-traversal"}
{"alertId":"wi-04","action":"block","confidence":0.96,"pattern":"sql-injection"}
{"alertId":"wi-05","action":"block","confidence":0.96,"pattern":"sql-injection"}
{"alertId":"wi-06","action":"block","confidence":0.96,"pattern":"command-injection"}
{"alertId":"wi-07","action":"block","confidence":0.96,"pattern":"path-traversal"}
{"alertId":"wi-08","action":"block","confidence":0.96,"pattern":"sql-injection"}
{"alertId":"wi-09","action":"alert","confidence":0.5,"pattern":"injection-review"}
{"alertId":"wi-10","action":"alert","confidence":0.5,"pattern":"injection-review"}
{"alertId":"wi-11","action":"alert","confidence":0.5,"pattern":"injection-review"}
{"alertId":"wi-12","action":"alert","confidence":0.5,"pattern":"injection-review"}
{"alertId":"wi-13","action":"alert","confidence":0.5,"pattern":"injection-review"}
{"alertId":"wi-14","action":"alert","confidence":0.5,"pattern":"injection-review"}
{"alertId":"wi-15","action":"alert","confidence":0.5,"pattern":"injection-review"}
{"alertId":"wi-16","action":"alert","confidence":0.5,"pattern":"injection-review"}
{"alertId":"wi-17","action":"alert","confidence":0.5,"pattern":"injection-review"}
{"alertId":"bf-01","action":"block","confidence":0.95,"pattern":"password-guessing"}
{"alertId":"bf-02","action":"block","confidence":0.96,"pattern":"password-spraying"}
{"alertId":"bf-03","action":"block","confidence":0.95,"pattern":"password-guessing"}
{"alertId":"bf-04","action":"block","confidence":0.95,"pattern":"password-guessing"}
{"alertId":"bf-05","action":"block","confidence":0.96,"pattern":"password-spraying"}
{"alertId":"bf-06","action":"block","confidence":0.95,"pattern":"password-guessing"}
{"alertId":"bf-07","action":"block","confidence":0.95,"pattern":"password-guessing"}
{"alertId":"bf-08","action":"block","confidence":0.95,"pattern":"password-guessing"}
{"alertId":"bf-09","action":"block","confidence":0.96,"pattern":"password-spraying"}
{"alertId":"bf-10","action":"block","confidence":0.95,"pattern":"password-guessing"}
{"alertId":"bf-11","action":"alert","confidence":0.5,"pattern":"password-guessing"}
{"alertId":"bf-12","action":"alert","confidence":0.5,"pattern":"password-guessing"}
{"alertId":"bf-13","action":"alert","confidence":0.5,"pattern":"password-guessing"}
{"alertId":"bf-14","action":"alert","confidence":0.5,"pattern":"password-guessing"}
{"alertId":"bf-15","action":"alert","confidence":0.5,"pattern":"password-guessing"}
{"alertId":"bf-16","action":"alert","confidence":0.5,"pattern":"password-guessing"}
{"alertId":"bf-17","action":"alert","confidence":0.5,"pattern":"password-guessing"}
{"alertId":"bf-18","action":"alert","confidence":0.5,"pattern":"password-guessing"}
{"alertId":"bf-19","action":"alert","confidence":0.5,"pattern":"password-guessing"}
{"alertId":"wi-01","action":"block","confidence":0.96,"pattern":"sql-injection"}
{"alertId":"wi-02","action":"block","confidence":0.96,"pattern":"script-injection"}
{"alertId":"wi-03","action":"block","confidence":0.96,"pattern":"path-traversal"}
{"alertId":"wi-04","action":"block","confidence":0.96,"pattern":"sql-injection"}
{"alertId":"wi-05","action":"block","confidence":0.96,"pattern":"sql-injection"}
{"alertId":"wi-06","action":"block","confidence":0.96,"pattern":"command-injection"}
{"alertId":"wi-07","action":"block","confidence":0.96,"pattern":"path-traversal"}
{"alertId":"wi-08","action":"block","confidence":0.96,"pattern":"sql-injection"}
{"alertId":"wi-09","action":"alert","confidence":0.5,"pattern":"injection-review"}
{"alertId":"wi-10","action":"alert","confidence":0.5,"pattern":"injection-review"}
{"alertId":"wi-11","action":"alert","confidence":0.5,"pattern":"injection-review"}
{"alertId":"wi-12","action":"alert","confidence":0.5,"pattern":"injection-review"}
{"alertId":"wi-13","action":"alert","confidence":0.5,"pattern":"injection-review"}
{"alertId":"wi-14","action":"alert","confidence":0.5,"pattern":"injection-review"}
{"alertId":"wi-15","action":"alert","confidence":0.5,"pattern":"injection-review"}
{"alertId":"wi-16","action":"alert","confidence":0.5,"pattern":"injection-review"}
{"alertId":"wi-17","action":"alert","confidence":0.5,"pattern":"injection-review"}
